Reusing configuration cache.
> Task :checkKotlinGradlePluginConfigurationErrors SKIPPED
> Task :compileKotlin NO-SOURCE
> Task :initializeIntellijPlatformPlugin
> Task :compileJava UP-TO-DATE
> Task :generateManifest UP-TO-DATE
> Task :koverGenerateArtifactJvm UP-TO-DATE
> Task :koverGenerateArtifact UP-TO-DATE
> Task :patchPluginXml UP-TO-DATE
> Task :processResources UP-TO-DATE
> Task :classes UP-TO-DATE
> Task :koverXmlReport UP-TO-DATE
> Task :koverCachedVerify UP-TO-DATE
> Task :koverVerify
> Task :check
> Task :instrumentCode UP-TO-DATE
> Task :jar UP-TO-DATE
> Task :assemble UP-TO-DATE
> Task :build

BUILD SUCCESSFUL in 1s
12 actionable tasks: 2 executed, 10 up-to-date
Configuration cache entry reused.
